---
http_interactions:
- request:
    method: post
    uri: https://api.github.com/gists
    body:
      encoding: UTF-8
      string: '{"description":"Maxime rerum porro officiis quam natus eos dicta.","public":true,"files":{"protocol.md":{"content":"Enim
        dolore autem sapiente quas cumque reiciendis. Soluta inventore architecto.
        Aut perspiciatis laboriosam. Possimus quia corporis distinctio facere perspiciatis
        nobis."}}}'
    headers:
      Accept:
      - application/vnd.github.v3+json
      User-Agent:
      - Octokit Ruby Gem 3.5.2
      Content-Type:
      - application/json
      Authorization:
      - token <GITHUB_API_KEY>
      Accept-Encoding:
      - gzip;q=1.0,deflate;q=0.6,identity;q=0.3
  response:
    status:
      code: 201
      message: Created
    headers:
      Server:
      - GitHub.com
      Date:
      - Thu, 08 Jan 2015 04:54:14 GMT
      Content-Type:
      - application/json; charset=utf-8
      Status:
      - 201 Created
      X-Ratelimit-Limit:
      - '5000'
      X-Ratelimit-Remaining:
      - '4719'
      X-Ratelimit-Reset:
      - '1420695119'
      Cache-Control:
      - private, max-age=60, s-maxage=60
      Etag:
      - '"5722fe13fd11c047482845e3894de841"'
      X-Oauth-Scopes:
      - gist
      X-Accepted-Oauth-Scopes:
      - ''
      Location:
      - https://api.github.com/gists/7c8485a13946ff3b2a4e
      Vary:
      - Accept, Authorization, Cookie, X-GitHub-OTP
      X-Github-Media-Type:
      - github.v3; format=json
      X-Xss-Protection:
      - 1; mode=block
      X-Frame-Options:
      - deny
      Content-Security-Policy:
      - default-src 'none'
      Content-Length:
      - '3115'
      Access-Control-Allow-Credentials:
      - 'true'
      Access-Control-Expose-Headers:
      - ETag, Link, X-GitHub-OTP, X-RateLimit-Limit, X-RateLimit-Remaining, X-RateLimit-Reset,
        X-OAuth-Scopes, X-Accepted-OAuth-Scopes, X-Poll-Interval
      Access-Control-Allow-Origin:
      - "*"
      X-Github-Request-Id:
      - 45B5E518:37B9:21CCAF:54AE0D76
      Strict-Transport-Security:
      - max-age=31536000; includeSubdomains; preload
      X-Content-Type-Options:
      - nosniff
    body:
      encoding: UTF-8
      string: '{"url":"https://api.github.com/gists/7c8485a13946ff3b2a4e","forks_url":"https://api.github.com/gists/7c8485a13946ff3b2a4e/forks","commits_url":"https://api.github.com/gists/7c8485a13946ff3b2a4e/commits","id":"7c8485a13946ff3b2a4e","git_pull_url":"https://gist.github.com/7c8485a13946ff3b2a4e.git","git_push_url":"https://gist.github.com/7c8485a13946ff3b2a4e.git","html_url":"https://gist.github.com/7c8485a13946ff3b2a4e","files":{"protocol.md":{"filename":"protocol.md","type":"text/plain","language":"Markdown","raw_url":"https://gist.githubusercontent.com/dior001/7c8485a13946ff3b2a4e/raw/a43d7c607a319fe4ab27474d3ea1dd14d50c2c2e/protocol.md","size":169,"truncated":false,"content":"Enim
        dolore autem sapiente quas cumque reiciendis. Soluta inventore architecto.
        Aut perspiciatis laboriosam. Possimus quia corporis distinctio facere perspiciatis
        nobis."}},"public":true,"created_at":"2015-01-08T04:54:14Z","updated_at":"2015-01-08T04:54:14Z","description":"Maxime
        rerum porro officiis quam natus eos dicta.","comments":0,"user":null,"comments_url":"https://api.github.com/gists/7c8485a13946ff3b2a4e/comments","owner":{"login":"dior001","id":474680,"avatar_url":"https://avatars.githubusercontent.com/u/474680?v=3","gravatar_id":"","url":"https://api.github.com/users/dior001","html_url":"https://github.com/dior001","followers_url":"https://api.github.com/users/dior001/followers","following_url":"https://api.github.com/users/dior001/following{/other_user}","gists_url":"https://api.github.com/users/dior001/gists{/gist_id}","starred_url":"https://api.github.com/users/dior001/starred{/owner}{/repo}","subscriptions_url":"https://api.github.com/users/dior001/subscriptions","organizations_url":"https://api.github.com/users/dior001/orgs","repos_url":"https://api.github.com/users/dior001/repos","events_url":"https://api.github.com/users/dior001/events{/privacy}","received_events_url":"https://api.github.com/users/dior001/received_events","type":"User","site_admin":false},"forks":[],"history":[{"user":{"login":"dior001","id":474680,"avatar_url":"https://avatars.githubusercontent.com/u/474680?v=3","gravatar_id":"","url":"https://api.github.com/users/dior001","html_url":"https://github.com/dior001","followers_url":"https://api.github.com/users/dior001/followers","following_url":"https://api.github.com/users/dior001/following{/other_user}","gists_url":"https://api.github.com/users/dior001/gists{/gist_id}","starred_url":"https://api.github.com/users/dior001/starred{/owner}{/repo}","subscriptions_url":"https://api.github.com/users/dior001/subscriptions","organizations_url":"https://api.github.com/users/dior001/orgs","repos_url":"https://api.github.com/users/dior001/repos","events_url":"https://api.github.com/users/dior001/events{/privacy}","received_events_url":"https://api.github.com/users/dior001/received_events","type":"User","site_admin":false},"version":"d2f0a2b4aa3e07ffcba3265b05b59febb8fcf448","committed_at":"2015-01-08T04:54:14Z","change_status":{"total":1,"additions":1,"deletions":0},"url":"https://api.github.com/gists/7c8485a13946ff3b2a4e/d2f0a2b4aa3e07ffcba3265b05b59febb8fcf448"}]}'
    http_version: 
  recorded_at: Thu, 08 Jan 2015 04:54:14 GMT
- request:
    method: get
    uri: https://api.github.com/gists/7c8485a13946ff3b2a4e
    body:
      encoding: US-ASCII
      string: ''
    headers:
      Accept:
      - application/vnd.github.v3+json
      User-Agent:
      - Octokit Ruby Gem 3.5.2
      Content-Type:
      - application/json
      Authorization:
      - token <GITHUB_API_KEY>
      Accept-Encoding:
      - gzip;q=1.0,deflate;q=0.6,identity;q=0.3
  response:
    status:
      code: 200
      message: OK
    headers:
      Server:
      - GitHub.com
      Date:
      - Thu, 08 Jan 2015 04:54:15 GMT
      Content-Type:
      - application/json; charset=utf-8
      Transfer-Encoding:
      - chunked
      Status:
      - 200 OK
      X-Ratelimit-Limit:
      - '5000'
      X-Ratelimit-Remaining:
      - '4718'
      X-Ratelimit-Reset:
      - '1420695119'
      Cache-Control:
      - private, max-age=60, s-maxage=60
      Last-Modified:
      - Thu, 08 Jan 2015 04:54:14 GMT
      Etag:
      - '"5722fe13fd11c047482845e3894de841"'
      X-Oauth-Scopes:
      - gist
      X-Accepted-Oauth-Scopes:
      - ''
      Vary:
      - Accept, Authorization, Cookie, X-GitHub-OTP
      - Accept-Encoding
      X-Github-Media-Type:
      - github.v3; format=json
      X-Xss-Protection:
      - 1; mode=block
      X-Frame-Options:
      - deny
      Content-Security-Policy:
      - default-src 'none'
      Access-Control-Allow-Credentials:
      - 'true'
      Access-Control-Expose-Headers:
      - ETag, Link, X-GitHub-OTP, X-RateLimit-Limit, X-RateLimit-Remaining, X-RateLimit-Reset,
        X-OAuth-Scopes, X-Accepted-OAuth-Scopes, X-Poll-Interval
      Access-Control-Allow-Origin:
      - "*"
      X-Github-Request-Id:
      - 45B5E518:37B7:104DEC:54AE0D77
      Strict-Transport-Security:
      - max-age=31536000; includeSubdomains; preload
      X-Content-Type-Options:
      - nosniff
      X-Served-By:
      - d594a23ec74671eba905bf91ef329026
    body:
      encoding: ASCII-8BIT
      string: '{"url":"https://api.github.com/gists/7c8485a13946ff3b2a4e","forks_url":"https://api.github.com/gists/7c8485a13946ff3b2a4e/forks","commits_url":"https://api.github.com/gists/7c8485a13946ff3b2a4e/commits","id":"7c8485a13946ff3b2a4e","git_pull_url":"https://gist.github.com/7c8485a13946ff3b2a4e.git","git_push_url":"https://gist.github.com/7c8485a13946ff3b2a4e.git","html_url":"https://gist.github.com/7c8485a13946ff3b2a4e","files":{"protocol.md":{"filename":"protocol.md","type":"text/plain","language":"Markdown","raw_url":"https://gist.githubusercontent.com/dior001/7c8485a13946ff3b2a4e/raw/a43d7c607a319fe4ab27474d3ea1dd14d50c2c2e/protocol.md","size":169,"truncated":false,"content":"Enim
        dolore autem sapiente quas cumque reiciendis. Soluta inventore architecto.
        Aut perspiciatis laboriosam. Possimus quia corporis distinctio facere perspiciatis
        nobis."}},"public":true,"created_at":"2015-01-08T04:54:14Z","updated_at":"2015-01-08T04:54:14Z","description":"Maxime
        rerum porro officiis quam natus eos dicta.","comments":0,"user":null,"comments_url":"https://api.github.com/gists/7c8485a13946ff3b2a4e/comments","owner":{"login":"dior001","id":474680,"avatar_url":"https://avatars.githubusercontent.com/u/474680?v=3","gravatar_id":"","url":"https://api.github.com/users/dior001","html_url":"https://github.com/dior001","followers_url":"https://api.github.com/users/dior001/followers","following_url":"https://api.github.com/users/dior001/following{/other_user}","gists_url":"https://api.github.com/users/dior001/gists{/gist_id}","starred_url":"https://api.github.com/users/dior001/starred{/owner}{/repo}","subscriptions_url":"https://api.github.com/users/dior001/subscriptions","organizations_url":"https://api.github.com/users/dior001/orgs","repos_url":"https://api.github.com/users/dior001/repos","events_url":"https://api.github.com/users/dior001/events{/privacy}","received_events_url":"https://api.github.com/users/dior001/received_events","type":"User","site_admin":false},"forks":[],"history":[{"user":{"login":"dior001","id":474680,"avatar_url":"https://avatars.githubusercontent.com/u/474680?v=3","gravatar_id":"","url":"https://api.github.com/users/dior001","html_url":"https://github.com/dior001","followers_url":"https://api.github.com/users/dior001/followers","following_url":"https://api.github.com/users/dior001/following{/other_user}","gists_url":"https://api.github.com/users/dior001/gists{/gist_id}","starred_url":"https://api.github.com/users/dior001/starred{/owner}{/repo}","subscriptions_url":"https://api.github.com/users/dior001/subscriptions","organizations_url":"https://api.github.com/users/dior001/orgs","repos_url":"https://api.github.com/users/dior001/repos","events_url":"https://api.github.com/users/dior001/events{/privacy}","received_events_url":"https://api.github.com/users/dior001/received_events","type":"User","site_admin":false},"version":"d2f0a2b4aa3e07ffcba3265b05b59febb8fcf448","committed_at":"2015-01-08T04:54:14Z","change_status":{"total":1,"additions":1,"deletions":0},"url":"https://api.github.com/gists/7c8485a13946ff3b2a4e/d2f0a2b4aa3e07ffcba3265b05b59febb8fcf448"}]}'
    http_version: 
  recorded_at: Thu, 08 Jan 2015 04:54:14 GMT
- request:
    method: put
    uri: https://api.github.com/gists/7c8485a13946ff3b2a4e/star
    body:
      encoding: UTF-8
      string: "{}"
    headers:
      Accept:
      - application/vnd.github.v3+json
      User-Agent:
      - Octokit Ruby Gem 3.5.2
      Content-Type:
      - application/json
      Authorization:
      - token <GITHUB_API_KEY>
      Accept-Encoding:
      - gzip;q=1.0,deflate;q=0.6,identity;q=0.3
  response:
    status:
      code: 204
      message: No Content
    headers:
      Server:
      - GitHub.com
      Date:
      - Thu, 08 Jan 2015 04:54:15 GMT
      Status:
      - 204 No Content
      X-Ratelimit-Limit:
      - '5000'
      X-Ratelimit-Remaining:
      - '4717'
      X-Ratelimit-Reset:
      - '1420695119'
      X-Oauth-Scopes:
      - gist
      X-Accepted-Oauth-Scopes:
      - ''
      X-Github-Media-Type:
      - github.v3; format=json
      X-Xss-Protection:
      - 1; mode=block
      X-Frame-Options:
      - deny
      Content-Security-Policy:
      - default-src 'none'
      Access-Control-Allow-Credentials:
      - 'true'
      Access-Control-Expose-Headers:
      - ETag, Link, X-GitHub-OTP, X-RateLimit-Limit, X-RateLimit-Remaining, X-RateLimit-Reset,
        X-OAuth-Scopes, X-Accepted-OAuth-Scopes, X-Poll-Interval
      Access-Control-Allow-Origin:
      - "*"
      X-Github-Request-Id:
      - 45B5E518:37BB:2ED7DB:54AE0D77
      Strict-Transport-Security:
      - max-age=31536000; includeSubdomains; preload
      X-Content-Type-Options:
      - nosniff
      Vary:
      - Accept-Encoding
      X-Served-By:
      - 139317cebd6caf9cd03889139437f00b
    body:
      encoding: UTF-8
      string: ''
    http_version: 
  recorded_at: Thu, 08 Jan 2015 04:54:14 GMT
recorded_with: VCR 2.9.3
